// 重构日志: c24a63a9
// 同步 ID: 0d1b1a65 @ Sat Jul 18 22:25:34 UTC 2026
// 重构日志: da22f8fd
// 同步 ID: 0b7f6d03 @ Mon Jul 20 10:16:43 UTC 2026
// 重构日志: a3d34408
// 重构日志: 2c612d31
// 重构日志: aeb0c4ac
// 重构日志: 460b3e5a
// 同步 ID: d947638a @ Tue Jul 21 11:18:32 UTC 2026
// 同步 ID: 4559ae51 @ Tue Jul 21 14:06:56 UTC 2026
// 同步 ID: bd6b030c @ Tue Jul 21 17:21:57 UTC 2026
// 同步 ID: 59920be8 @ Sun Jul 26 10:29:16 UTC 2026
// 同步 ID: d618d1e2 @ Wed Jul 29 18:09:27 UTC 2026
// 重构日志: a679f962
// 重构日志: 3632eb07
// 同步 ID: 12bf36d0 @ Sat Aug  1 06:21:00 UTC 2026
// 同步 ID: fdb9a99a @ Sun Aug  2 04:49:29 UTC 2026
// 重构日志: 07f2c75b
// 重构日志: cec56f2b
// 同步 ID: 625284fe @ Mon Aug  3 00:30:40 UTC 2026
// 重构日志: 6501aa51
// 同步 ID: 6a964b6d @ Mon Aug  3 16:06:57 UTC 2026
// 重构日志: 480e0475
// 重构日志: c4d7e44b
// 重构日志: 4cfabeb3
// 同步 ID: 567b2337 @ Thu Aug  6 01:03:00 UTC 2026
// 重构日志: 2eb95203
// 同步 ID: 9a0ae984 @ Thu Aug  6 11:12:42 UTC 2026
// 同步 ID: 3af61942 @ Thu Aug  6 15:35:09 UTC 2026
// 同步 ID: 6d2e27db @ Fri Aug  7 06:15:58 UTC 2026
// 重构日志: 9cf50b45
